// Jest Snapshot v1, https://goo.gl/fbAQLP

exports[`createPushpinDataSource should return color palette and size scale 1`] = `
Object {
  "geometry": Object {
    "coordinates": Array [
      -66.7458,
      18.0722,
    ],
    "type": "Point",
  },
  "properties": Object {
    "color": Object {
      "background": "rgba(176,229,245,0.7)",
      "border": "rgba(20,178,226,0.7)",
      "format": "#,##0.00",
      "title": "Density",
      "value": 698,
    },
    "locationIndex": 0,
    "locationName": Object {
      "title": "",
      "value": undefined,
    },
    "pushpinSize": 8.031516307043942,
    "segment": Object {
      "title": "",
      "uri": undefined,
      "value": undefined,
    },
    "size": Object {
      "format": "#,##0.00",
      "title": "Population",
      "value": 3868,
    },
  },
  "type": "Feature",
}
`;

exports[`createPushpinDataSource should return location without measure 1`] = `
Object {
  "features": Array [
    Object {
      "geometry": Object {
        "coordinates": Array [
          -66.7458,
          18.0722,
        ],
        "type": "Point",
      },
      "properties": Object {
        "color": Object {
          "background": "rgba(20,178,226,0.7)",
          "border": "rgb(233,237,241)",
          "format": "",
          "title": "",
          "value": undefined,
        },
        "locationIndex": 0,
        "locationName": Object {
          "title": "",
          "value": undefined,
        },
        "pushpinSize": 8,
        "segment": Object {
          "title": "",
          "uri": undefined,
          "value": undefined,
        },
        "size": Object {
          "format": "",
          "title": "",
          "value": undefined,
        },
      },
      "type": "Feature",
    },
    Object {
      "geometry": Object {
        "coordinates": Array [
          -66.6077,
          18.0727,
        ],
        "type": "Point",
      },
      "properties": Object {
        "color": Object {
          "background": "rgba(20,178,226,0.7)",
          "border": "rgb(233,237,241)",
          "format": "",
          "title": "",
          "value": undefined,
        },
        "locationIndex": 1,
        "locationName": Object {
          "title": "",
          "value": undefined,
        },
        "pushpinSize": 8,
        "segment": Object {
          "title": "",
          "uri": undefined,
          "value": undefined,
        },
        "size": Object {
          "format": "",
          "title": "",
          "value": undefined,
        },
      },
      "type": "Feature",
    },
    Object {
      "geometry": Object {
        "coordinates": Array [
          -65.8976,
          18.0729,
        ],
        "type": "Point",
      },
      "properties": Object {
        "color": Object {
          "background": "rgba(20,178,226,0.7)",
          "border": "rgb(233,237,241)",
          "format": "",
          "title": "",
          "value": undefined,
        },
        "locationIndex": 2,
        "locationName": Object {
          "title": "",
          "value": undefined,
        },
        "pushpinSize": 8,
        "segment": Object {
          "title": "",
          "uri": undefined,
          "value": undefined,
        },
        "size": Object {
          "format": "",
          "title": "",
          "value": undefined,
        },
      },
      "type": "Feature",
    },
    Object {
      "geometry": Object {
        "coordinates": Array [
          -157.7211,
          21.2975,
        ],
        "type": "Point",
      },
      "properties": Object {
        "color": Object {
          "background": "rgba(20,178,226,0.7)",
          "border": "rgb(233,237,241)",
          "format": "",
          "title": "",
          "value": undefined,
        },
        "locationIndex": 3,
        "locationName": Object {
          "title": "",
          "value": undefined,
        },
        "pushpinSize": 8,
        "segment": Object {
          "title": "",
          "uri": undefined,
          "value": undefined,
        },
        "size": Object {
          "format": "",
          "title": "",
          "value": undefined,
        },
      },
      "type": "Feature",
    },
    Object {
      "geometry": Object {
        "coordinates": Array [
          -157.846,
          21.3294,
        ],
        "type": "Point",
      },
      "properties": Object {
        "color": Object {
          "background": "rgba(20,178,226,0.7)",
          "border": "rgb(233,237,241)",
          "format": "",
          "title": "",
          "value": undefined,
        },
        "locationIndex": 4,
        "locationName": Object {
          "title": "",
          "value": undefined,
        },
        "pushpinSize": 8,
        "segment": Object {
          "title": "",
          "uri": undefined,
          "value": undefined,
        },
        "size": Object {
          "format": "",
          "title": "",
          "value": undefined,
        },
      },
      "type": "Feature",
    },
    Object {
      "geometry": Object {
        "coordinates": Array [
          -157.9566,
          21.4031,
        ],
        "type": "Point",
      },
      "properties": Object {
        "color": Object {
          "background": "rgba(20,178,226,0.7)",
          "border": "rgb(233,237,241)",
          "format": "",
          "title": "",
          "value": undefined,
        },
        "locationIndex": 5,
        "locationName": Object {
          "title": "",
          "value": undefined,
        },
        "pushpinSize": 8,
        "segment": Object {
          "title": "",
          "uri": undefined,
          "value": undefined,
        },
        "size": Object {
          "format": "",
          "title": "",
          "value": undefined,
        },
      },
      "type": "Feature",
    },
    Object {
      "geometry": Object {
        "coordinates": Array [
          -80.2102,
          25.7839,
        ],
        "type": "Point",
      },
      "properties": Object {
        "color": Object {
          "background": "rgba(20,178,226,0.7)",
          "border": "rgb(233,237,241)",
          "format": "",
          "title": "",
          "value": undefined,
        },
        "locationIndex": 6,
        "locationName": Object {
          "title": "",
          "value": undefined,
        },
        "pushpinSize": 8,
        "segment": Object {
          "title": "",
          "uri": undefined,
          "value": undefined,
        },
        "size": Object {
          "format": "",
          "title": "",
          "value": undefined,
        },
      },
      "type": "Feature",
    },
    Object {
      "geometry": Object {
        "coordinates": Array [
          -98.418,
          26.2181,
        ],
        "type": "Point",
      },
      "properties": Object {
        "color": Object {
          "background": "rgba(20,178,226,0.7)",
          "border": "rgb(233,237,241)",
          "format": "",
          "title": "",
          "value": undefined,
        },
        "locationIndex": 7,
        "locationName": Object {
          "title": "",
          "value": undefined,
        },
        "pushpinSize": 8,
        "segment": Object {
          "title": "",
          "uri": undefined,
          "value": undefined,
        },
        "size": Object {
          "format": "",
          "title": "",
          "value": undefined,
        },
      },
      "type": "Feature",
    },
    Object {
      "geometry": Object {
        "coordinates": Array [
          -97.695,
          26.2585,
        ],
        "type": "Point",
      },
      "properties": Object {
        "color": Object {
          "background": "rgba(20,178,226,0.7)",
          "border": "rgb(233,237,241)",
          "format": "",
          "title": "",
          "value": undefined,
        },
        "locationIndex": 8,
        "locationName": Object {
          "title": "",
          "value": undefined,
        },
        "pushpinSize": 8,
        "segment": Object {
          "title": "",
          "uri": undefined,
          "value": undefined,
        },
        "size": Object {
          "format": "",
          "title": "",
          "value": undefined,
        },
      },
      "type": "Feature",
    },
    Object {
      "geometry": Object {
        "coordinates": Array [
          -98.6425,
          26.3024,
        ],
        "type": "Point",
      },
      "properties": Object {
        "color": Object {
          "background": "rgba(20,178,226,0.7)",
          "border": "rgb(233,237,241)",
          "format": "",
          "title": "",
          "value": undefined,
        },
        "locationIndex": 9,
        "locationName": Object {
          "title": "",
          "value": undefined,
        },
        "pushpinSize": 8,
        "segment": Object {
          "title": "",
          "uri": undefined,
          "value": undefined,
        },
        "size": Object {
          "format": "",
          "title": "",
          "value": undefined,
        },
      },
      "type": "Feature",
    },
  ],
  "type": "FeatureCollection",
}
`;
