// Jest Snapshot v1, https://goo.gl/fbAQLP

exports[`getDrillableSeriesWithParentAttribute should return 3 drill items with "child attribute" configured 1`] = `
Array [
  Object {
    "header": Object {
      "measureHeaderItem": Object {
        "format": "$#,##0.00",
        "identifier": "aangOxLSeztu",
        "localIdentifier": "m_aangOxLSeztu",
        "name": "Amount",
        "ref": Object {
          "uri": "/gdc/md/referenceworkspace/obj/1271",
        },
        "uri": "/gdc/md/referenceworkspace/obj/1271",
      },
    },
  },
  Object {
    "header": Object {
      "attributeHeader": Object {
        "formOf": Object {
          "identifier": "attr.owner.region",
          "name": "Region",
          "ref": Object {
            "uri": "/gdc/md/referenceworkspace/obj/1086",
          },
          "uri": "/gdc/md/referenceworkspace/obj/1086",
        },
        "identifier": "label.owner.region",
        "localIdentifier": "a_label.owner.region",
        "name": "Region",
        "ref": Object {
          "uri": "/gdc/md/referenceworkspace/obj/1087",
        },
        "uri": "/gdc/md/referenceworkspace/obj/1087",
      },
      "attributeHeaderItem": Object {
        "name": "East Coast",
        "uri": "/gdc/md/referenceworkspace/obj/1086/elements?id=460488",
      },
    },
  },
  Object {
    "header": Object {
      "attributeHeader": Object {
        "formOf": Object {
          "identifier": "attr.product.id",
          "name": "Product",
          "ref": Object {
            "uri": "/gdc/md/referenceworkspace/obj/1054",
          },
          "uri": "/gdc/md/referenceworkspace/obj/1054",
        },
        "identifier": "label.product.id.name",
        "localIdentifier": "a_label.product.id.name",
        "name": "Product Name",
        "ref": Object {
          "uri": "/gdc/md/referenceworkspace/obj/1055",
        },
        "uri": "/gdc/md/referenceworkspace/obj/1055",
      },
      "attributeHeaderItem": Object {
        "name": "CompuSci",
        "uri": "/gdc/md/referenceworkspace/obj/1054/elements?id=165678",
      },
    },
  },
]
`;

exports[`getDrillableSeriesWithParentAttribute should return 3 drill items with "measure" configured 1`] = `
Array [
  Object {
    "header": Object {
      "measureHeaderItem": Object {
        "format": "$#,##0.00",
        "identifier": "aangOxLSeztu",
        "localIdentifier": "m_aangOxLSeztu",
        "name": "Amount",
        "ref": Object {
          "uri": "/gdc/md/referenceworkspace/obj/1271",
        },
        "uri": "/gdc/md/referenceworkspace/obj/1271",
      },
    },
  },
  Object {
    "header": Object {
      "attributeHeader": Object {
        "formOf": Object {
          "identifier": "attr.owner.region",
          "name": "Region",
          "ref": Object {
            "uri": "/gdc/md/referenceworkspace/obj/1086",
          },
          "uri": "/gdc/md/referenceworkspace/obj/1086",
        },
        "identifier": "label.owner.region",
        "localIdentifier": "a_label.owner.region",
        "name": "Region",
        "ref": Object {
          "uri": "/gdc/md/referenceworkspace/obj/1087",
        },
        "uri": "/gdc/md/referenceworkspace/obj/1087",
      },
      "attributeHeaderItem": Object {
        "name": "East Coast",
        "uri": "/gdc/md/referenceworkspace/obj/1086/elements?id=460488",
      },
    },
  },
  Object {
    "header": Object {
      "attributeHeader": Object {
        "formOf": Object {
          "identifier": "attr.product.id",
          "name": "Product",
          "ref": Object {
            "uri": "/gdc/md/referenceworkspace/obj/1054",
          },
          "uri": "/gdc/md/referenceworkspace/obj/1054",
        },
        "identifier": "label.product.id.name",
        "localIdentifier": "a_label.product.id.name",
        "name": "Product Name",
        "ref": Object {
          "uri": "/gdc/md/referenceworkspace/obj/1055",
        },
        "uri": "/gdc/md/referenceworkspace/obj/1055",
      },
      "attributeHeaderItem": Object {
        "name": "CompuSci",
        "uri": "/gdc/md/referenceworkspace/obj/1054/elements?id=165678",
      },
    },
  },
]
`;

exports[`getDrillableSeriesWithParentAttribute should return 3 drill items with "parent and child attributes" configured 1`] = `
Array [
  Object {
    "header": Object {
      "measureHeaderItem": Object {
        "format": "$#,##0.00",
        "identifier": "aangOxLSeztu",
        "localIdentifier": "m_aangOxLSeztu",
        "name": "Amount",
        "ref": Object {
          "uri": "/gdc/md/referenceworkspace/obj/1271",
        },
        "uri": "/gdc/md/referenceworkspace/obj/1271",
      },
    },
  },
  Object {
    "header": Object {
      "attributeHeader": Object {
        "formOf": Object {
          "identifier": "attr.owner.region",
          "name": "Region",
          "ref": Object {
            "uri": "/gdc/md/referenceworkspace/obj/1086",
          },
          "uri": "/gdc/md/referenceworkspace/obj/1086",
        },
        "identifier": "label.owner.region",
        "localIdentifier": "a_label.owner.region",
        "name": "Region",
        "ref": Object {
          "uri": "/gdc/md/referenceworkspace/obj/1087",
        },
        "uri": "/gdc/md/referenceworkspace/obj/1087",
      },
      "attributeHeaderItem": Object {
        "name": "East Coast",
        "uri": "/gdc/md/referenceworkspace/obj/1086/elements?id=460488",
      },
    },
  },
  Object {
    "header": Object {
      "attributeHeader": Object {
        "formOf": Object {
          "identifier": "attr.product.id",
          "name": "Product",
          "ref": Object {
            "uri": "/gdc/md/referenceworkspace/obj/1054",
          },
          "uri": "/gdc/md/referenceworkspace/obj/1054",
        },
        "identifier": "label.product.id.name",
        "localIdentifier": "a_label.product.id.name",
        "name": "Product Name",
        "ref": Object {
          "uri": "/gdc/md/referenceworkspace/obj/1055",
        },
        "uri": "/gdc/md/referenceworkspace/obj/1055",
      },
      "attributeHeaderItem": Object {
        "name": "CompuSci",
        "uri": "/gdc/md/referenceworkspace/obj/1054/elements?id=165678",
      },
    },
  },
]
`;

exports[`getDrillableSeriesWithParentAttribute should return 3 drill items with "parent attribute and measure" configured 1`] = `
Array [
  Object {
    "header": Object {
      "measureHeaderItem": Object {
        "format": "$#,##0.00",
        "identifier": "aangOxLSeztu",
        "localIdentifier": "m_aangOxLSeztu",
        "name": "Amount",
        "ref": Object {
          "uri": "/gdc/md/referenceworkspace/obj/1271",
        },
        "uri": "/gdc/md/referenceworkspace/obj/1271",
      },
    },
  },
  Object {
    "header": Object {
      "attributeHeader": Object {
        "formOf": Object {
          "identifier": "attr.owner.region",
          "name": "Region",
          "ref": Object {
            "uri": "/gdc/md/referenceworkspace/obj/1086",
          },
          "uri": "/gdc/md/referenceworkspace/obj/1086",
        },
        "identifier": "label.owner.region",
        "localIdentifier": "a_label.owner.region",
        "name": "Region",
        "ref": Object {
          "uri": "/gdc/md/referenceworkspace/obj/1087",
        },
        "uri": "/gdc/md/referenceworkspace/obj/1087",
      },
      "attributeHeaderItem": Object {
        "name": "East Coast",
        "uri": "/gdc/md/referenceworkspace/obj/1086/elements?id=460488",
      },
    },
  },
  Object {
    "header": Object {
      "attributeHeader": Object {
        "formOf": Object {
          "identifier": "attr.product.id",
          "name": "Product",
          "ref": Object {
            "uri": "/gdc/md/referenceworkspace/obj/1054",
          },
          "uri": "/gdc/md/referenceworkspace/obj/1054",
        },
        "identifier": "label.product.id.name",
        "localIdentifier": "a_label.product.id.name",
        "name": "Product Name",
        "ref": Object {
          "uri": "/gdc/md/referenceworkspace/obj/1055",
        },
        "uri": "/gdc/md/referenceworkspace/obj/1055",
      },
      "attributeHeaderItem": Object {
        "name": "CompuSci",
        "uri": "/gdc/md/referenceworkspace/obj/1054/elements?id=165678",
      },
    },
  },
]
`;

exports[`getDrillableSeriesWithParentAttribute should return 3 drill items with "parent attribute" configured 1`] = `
Array [
  Object {
    "header": Object {
      "measureHeaderItem": Object {
        "format": "$#,##0.00",
        "identifier": "aangOxLSeztu",
        "localIdentifier": "m_aangOxLSeztu",
        "name": "Amount",
        "ref": Object {
          "uri": "/gdc/md/referenceworkspace/obj/1271",
        },
        "uri": "/gdc/md/referenceworkspace/obj/1271",
      },
    },
  },
  Object {
    "header": Object {
      "attributeHeader": Object {
        "formOf": Object {
          "identifier": "attr.owner.region",
          "name": "Region",
          "ref": Object {
            "uri": "/gdc/md/referenceworkspace/obj/1086",
          },
          "uri": "/gdc/md/referenceworkspace/obj/1086",
        },
        "identifier": "label.owner.region",
        "localIdentifier": "a_label.owner.region",
        "name": "Region",
        "ref": Object {
          "uri": "/gdc/md/referenceworkspace/obj/1087",
        },
        "uri": "/gdc/md/referenceworkspace/obj/1087",
      },
      "attributeHeaderItem": Object {
        "name": "East Coast",
        "uri": "/gdc/md/referenceworkspace/obj/1086/elements?id=460488",
      },
    },
  },
  Object {
    "header": Object {
      "attributeHeader": Object {
        "formOf": Object {
          "identifier": "attr.product.id",
          "name": "Product",
          "ref": Object {
            "uri": "/gdc/md/referenceworkspace/obj/1054",
          },
          "uri": "/gdc/md/referenceworkspace/obj/1054",
        },
        "identifier": "label.product.id.name",
        "localIdentifier": "a_label.product.id.name",
        "name": "Product Name",
        "ref": Object {
          "uri": "/gdc/md/referenceworkspace/obj/1055",
        },
        "uri": "/gdc/md/referenceworkspace/obj/1055",
      },
      "attributeHeaderItem": Object {
        "name": "CompuSci",
        "uri": "/gdc/md/referenceworkspace/obj/1054/elements?id=165678",
      },
    },
  },
]
`;
