// Jest Snapshot v1, https://goo.gl/fbAQLP

exports[`dimensionSetTotals should clear totals 1`] = `
Object {
  "itemIdentifiers": Array [
    "localId1",
  ],
}
`;

exports[`dimensionSetTotals should clear totals when no second arg 1`] = `
Object {
  "itemIdentifiers": Array [
    "localId1",
  ],
}
`;

exports[`dimensionSetTotals should replace non-empty totals 1`] = `
Object {
  "itemIdentifiers": Array [
    "localId1",
  ],
  "totals": Object {
    "attributeIdentifier": "localId2",
    "measureIdentifier": "measureId",
    "type": "avg",
  },
}
`;

exports[`dimensionSetTotals should set totals  1`] = `
Object {
  "itemIdentifiers": Array [
    "localId1",
  ],
  "totals": Object {
    "attributeIdentifier": "localId1",
    "measureIdentifier": "measureId",
    "type": "avg",
  },
}
`;

exports[`dimensionsFindItem should find no item 1`] = `Array []`;

exports[`dimensionsFindItem should find one item in both dimensions 1`] = `
Array [
  Object {
    "dim": Object {
      "itemIdentifiers": Array [
        "localId1",
        "localId2",
      ],
    },
    "dimIdx": 0,
    "itemIdx": 1,
  },
  Object {
    "dim": Object {
      "itemIdentifiers": Array [
        "localId3",
        "localId4",
        "localId2",
      ],
    },
    "dimIdx": 1,
    "itemIdx": 2,
  },
]
`;

exports[`dimensionsFindItem should find one item in first dimension 1`] = `
Array [
  Object {
    "dim": Object {
      "itemIdentifiers": Array [
        "localId1",
        "localId2",
      ],
    },
    "dimIdx": 0,
    "itemIdx": 0,
  },
]
`;

exports[`dimensionsFindItem should find one item in second dimension 1`] = `
Array [
  Object {
    "dim": Object {
      "itemIdentifiers": Array [
        "localId3",
        "localId4",
        "localId2",
      ],
    },
    "dimIdx": 1,
    "itemIdx": 1,
  },
]
`;

exports[`newDimension should create a valid dimension when input arg is mix of identifiers and totals 1`] = `
Object {
  "itemIdentifiers": Array [
    "localId1",
  ],
  "totals": Array [
    Object {
      "attributeIdentifier": "localId1",
      "measureIdentifier": "measureId",
      "type": "avg",
    },
  ],
}
`;

exports[`newDimension should create a valid dimension when totals are in both args  1`] = `
Object {
  "itemIdentifiers": Array [
    "localId1",
  ],
  "totals": Array [
    Object {
      "attributeIdentifier": "localId1",
      "measureIdentifier": "measureId",
      "type": "avg",
    },
    Object {
      "attributeIdentifier": "localId2",
      "measureIdentifier": "measureId",
      "type": "avg",
    },
  ],
}
`;

exports[`newDimension should create a valid dimension when totals are in second arg  1`] = `
Object {
  "itemIdentifiers": Array [
    "localId1",
  ],
  "totals": Array [
    Object {
      "attributeIdentifier": "localId1",
      "measureIdentifier": "measureId",
      "type": "avg",
    },
  ],
}
`;

exports[`newDimension should create a valid dimension without totals when totals arg empty 1`] = `
Object {
  "itemIdentifiers": Array [
    "localId1",
    "localId2",
  ],
}
`;

exports[`newDimension should create a valid dimension without totals when totals arg undef 1`] = `
Object {
  "itemIdentifiers": Array [
    "localId1",
    "localId2",
  ],
}
`;

exports[`newDimension should create empty dimension if no input provided 1`] = `
Object {
  "itemIdentifiers": Array [],
}
`;

exports[`newTwoDimensional should create both dimension with totals 1`] = `
Array [
  Object {
    "itemIdentifiers": Array [
      "localId1",
    ],
    "totals": Array [
      Object {
        "attributeIdentifier": "localId1",
        "measureIdentifier": "measureId",
        "type": "avg",
      },
    ],
  },
  Object {
    "itemIdentifiers": Array [
      "localId2",
    ],
    "totals": Array [
      Object {
        "attributeIdentifier": "localId2",
        "measureIdentifier": "measureId",
        "type": "avg",
      },
    ],
  },
]
`;

exports[`newTwoDimensional should create both dimensions with correct ids 1`] = `
Array [
  Object {
    "itemIdentifiers": Array [
      "localId1",
    ],
  },
  Object {
    "itemIdentifiers": Array [
      "localId2",
    ],
  },
]
`;

exports[`newTwoDimensional should create first dimension empty 1`] = `
Array [
  Object {
    "itemIdentifiers": Array [],
  },
  Object {
    "itemIdentifiers": Array [
      "localId1",
    ],
  },
]
`;

exports[`newTwoDimensional should create first dimension with measuregroup 1`] = `
Array [
  Object {
    "itemIdentifiers": Array [
      "measureGroup",
    ],
  },
  Object {
    "itemIdentifiers": Array [],
  },
]
`;

exports[`newTwoDimensional should create first dimension with totals 1`] = `
Array [
  Object {
    "itemIdentifiers": Array [
      "localId1",
    ],
    "totals": Array [
      Object {
        "attributeIdentifier": "localId1",
        "measureIdentifier": "measureId",
        "type": "avg",
      },
    ],
  },
  Object {
    "itemIdentifiers": Array [
      "localId2",
    ],
  },
]
`;

exports[`newTwoDimensional should create second dimension empty 1`] = `
Array [
  Object {
    "itemIdentifiers": Array [
      "localId1",
    ],
  },
  Object {
    "itemIdentifiers": Array [],
  },
]
`;

exports[`newTwoDimensional should create second dimension with measuregroup 1`] = `
Array [
  Object {
    "itemIdentifiers": Array [],
  },
  Object {
    "itemIdentifiers": Array [
      "measureGroup",
    ],
  },
]
`;

exports[`newTwoDimensional should create second dimension with totals 1`] = `
Array [
  Object {
    "itemIdentifiers": Array [
      "localId1",
    ],
  },
  Object {
    "itemIdentifiers": Array [
      "localId2",
    ],
    "totals": Array [
      Object {
        "attributeIdentifier": "localId1",
        "measureIdentifier": "measureId",
        "type": "avg",
      },
    ],
  },
]
`;

exports[`newTwoDimensional should create two empty dimensions 1`] = `
Array [
  Object {
    "itemIdentifiers": Array [],
  },
  Object {
    "itemIdentifiers": Array [],
  },
]
`;
