// Jest Snapshot v1, https://goo.gl/fbAQLP

exports[`getRow should return a grid row 1`] = `
Object {
  "a_1055": "CompuSci",
  "a_1086_460488-m_0": "5099309.54",
  "a_1086_460489-m_0": "22123590.1",
  "headerItemMap": Object {
    "a_1055": Object {
      "attributeHeaderItem": Object {
        "name": "CompuSci",
        "uri": "/gdc/md/l32xdyl4bjuzgf9kkqr2avl55gtuyjwf/obj/1054/elements?id=165678",
      },
    },
  },
}
`;

exports[`getRow should return subtotal row 1`] = `
Object {
  "a_1055": "CompuSci",
  "a_1062_165680-a_1086_460488-m_0": "2174478.26",
  "a_1062_165680-a_1086_460488-m_1": "883793.08",
  "a_1062_165680-a_1086_460489-m_0": "5917286.73",
  "a_1062_165680-a_1086_460489-m_1": "2370306.08",
  "a_1062_165682-a_1086_460488-m_0": "1989393.54",
  "a_1062_165682-a_1086_460488-m_1": "817756.22",
  "a_1062_165682-a_1086_460489-m_0": "5501537.16",
  "a_1062_165682-a_1086_460489-m_1": "2039952.64",
  "a_1089": "Median",
  "headerItemMap": Object {
    "a_1055": Object {
      "attributeHeaderItem": Object {
        "name": "CompuSci",
        "uri": "/gdc/md/l32xdyl4bjuzgf9kkqr2avl55gtuyjwf/obj/1054/elements?id=165678",
      },
    },
    "a_1089": Object {
      "totalHeaderItem": Object {
        "name": "med",
        "type": "med",
      },
    },
  },
  "subtotalStyle": null,
  "type": "rowSubtotal",
}
`;

exports[`getRowTotals should return total rows 1`] = `
Array [
  Object {
    "a_1055": "Sum",
    "a_1091_165679-a_1086_460488-m_0": "10542759.65",
    "a_1091_165679-a_1086_460489-m_0": "27767993.8",
    "a_1091_165872-a_1086_460488-m_0": "10404537.96",
    "a_1091_165872-a_1086_460489-m_0": "32066033.2",
    "a_1091_166425-a_1086_460488-m_0": "1445269.97",
    "a_1091_166425-a_1086_460489-m_0": "1161023.49",
    "a_1091_166442-a_1086_460488-m_0": "926586.28",
    "a_1091_166442-a_1086_460489-m_0": "2140879.84",
    "a_1091_166450-a_1086_460488-m_0": "667035.74",
    "a_1091_166450-a_1086_460489-m_0": "1194979.99",
    "a_1091_166498-a_1086_460488-m_0": "1813790.98",
    "a_1091_166498-a_1086_460489-m_0": "16633475.16",
    "a_1091_166647-a_1086_460488-m_0": "948454.04",
    "a_1091_166647-a_1086_460489-m_0": "3300573.84",
    "a_1091_168751-a_1086_460488-m_0": "1268661.8",
    "a_1091_168751-a_1086_460489-m_0": "4343400.8",
    "colSpan": Object {
      "count": 2,
      "headerKey": "a_1055",
    },
    "rowTotalActiveMeasures": Array [
      "m_0",
    ],
    "type": "rowTotal",
  },
  Object {
    "a_1055": "Max",
    "a_1091_165679-a_1086_460488-m_0": "2095977.22",
    "a_1091_165679-a_1086_460489-m_0": "4410258.72",
    "a_1091_165872-a_1086_460488-m_0": "1759859.66",
    "a_1091_165872-a_1086_460489-m_0": "6690298.08",
    "a_1091_166425-a_1086_460488-m_0": "751477.86",
    "a_1091_166425-a_1086_460489-m_0": "389676.45",
    "a_1091_166442-a_1086_460488-m_0": "627304.21",
    "a_1091_166442-a_1086_460489-m_0": "707188.64",
    "a_1091_166450-a_1086_460488-m_0": "398641.54",
    "a_1091_166450-a_1086_460489-m_0": "323372.36",
    "a_1091_166498-a_1086_460488-m_0": "770602.99",
    "a_1091_166498-a_1086_460489-m_0": "13387810.63",
    "a_1091_166647-a_1086_460488-m_0": "245096.79",
    "a_1091_166647-a_1086_460489-m_0": "1001196.79",
    "a_1091_168751-a_1086_460488-m_0": "324710.2",
    "a_1091_168751-a_1086_460489-m_0": "1116928.39",
    "colSpan": Object {
      "count": 2,
      "headerKey": "a_1055",
    },
    "rowTotalActiveMeasures": Array [
      "m_0",
    ],
    "type": "rowTotal",
  },
  Object {
    "a_1055": "Min",
    "a_1091_165679-a_1086_460488-m_0": "136710.01",
    "a_1091_165679-a_1086_460489-m_0": "669682.5",
    "a_1091_165872-a_1086_460488-m_0": "14990.06",
    "a_1091_165872-a_1086_460489-m_0": "485644.88",
    "a_1091_166425-a_1086_460488-m_0": "18000",
    "a_1091_166425-a_1086_460489-m_0": "3129.5",
    "a_1091_166442-a_1086_460488-m_0": "2735.24",
    "a_1091_166442-a_1086_460489-m_0": "3564.9",
    "a_1091_166450-a_1086_460488-m_0": "2339.1",
    "a_1091_166450-a_1086_460489-m_0": "16714.71",
    "a_1091_166498-a_1086_460488-m_0": "3601.6",
    "a_1091_166498-a_1086_460489-m_0": "14001.6",
    "a_1091_166647-a_1086_460488-m_0": "230.3",
    "a_1091_166647-a_1086_460489-m_0": "7827.29",
    "a_1091_168751-a_1086_460488-m_0": "1988",
    "a_1091_168751-a_1086_460489-m_0": "28203.56",
    "colSpan": Object {
      "count": 2,
      "headerKey": "a_1055",
    },
    "rowTotalActiveMeasures": Array [
      "m_0",
    ],
    "type": "rowTotal",
  },
  Object {
    "a_1055": "Rollup (Total)",
    "a_1091_165679-a_1086_460488-m_0": "10542759.65",
    "a_1091_165679-a_1086_460489-m_0": "27767993.8",
    "a_1091_165872-a_1086_460488-m_0": "10404537.96",
    "a_1091_165872-a_1086_460489-m_0": "32066033.2",
    "a_1091_166425-a_1086_460488-m_0": "1445269.97",
    "a_1091_166425-a_1086_460489-m_0": "1161023.49",
    "a_1091_166442-a_1086_460488-m_0": "926586.28",
    "a_1091_166442-a_1086_460489-m_0": "2140879.84",
    "a_1091_166450-a_1086_460488-m_0": "667035.74",
    "a_1091_166450-a_1086_460489-m_0": "1194979.99",
    "a_1091_166498-a_1086_460488-m_0": "1813790.98",
    "a_1091_166498-a_1086_460489-m_0": "16633475.16",
    "a_1091_166647-a_1086_460488-m_0": "948454.04",
    "a_1091_166647-a_1086_460489-m_0": "3300573.84",
    "a_1091_168751-a_1086_460488-m_0": "1268661.8",
    "a_1091_168751-a_1086_460489-m_0": "4343400.8",
    "colSpan": Object {
      "count": 2,
      "headerKey": "a_1055",
    },
    "rowTotalActiveMeasures": Array [
      "m_0",
    ],
    "type": "rowTotal",
  },
]
`;
